// Jest Snapshot v1, https://goo.gl/fbAQLP

exports[`takeOneSideOrder 1`] = `
Array [
  Array [
    false,
    0.0012,
    20,
    "pair",
  ],
  Array [
    false,
    0.0011,
    10,
    "pair",
  ],
]
`;
